================================================================
Verification: Chern-Simons cancellation and direction count
Target: Appendix E.3 (Sol3) and E.4 (off-diagonal rule)
================================================================

[1] Structural off-diagonal CS count (Appendix E.4)
----------------------------------------------------------------
  geo    corrections                                    off  expected  flag
  ----------------------------------------------------------------------
  T3     {}                                               0         0  [OK]
  Nil3   {(0, 1): A2}                                     1         1  [OK]
  S3     {(0, 1): 2*A2, (0, 2): -2*A1, (1, 2): 2*A0}      3         3  [OK]
  Sol3   {(0, 1): A1, (0, 2): -A2}                        0         0  [OK]

[2] General Sol3 self-coupling check
----------------------------------------------------------------
  Ftilde_01 = F_01 + c01 A_1
  Ftilde_02 = F_02 + c02 A_2
  CS = None   expected 0 for arbitrary c01,c02   [OK]

[3] Pipeline confirmation: Sol3 CS = 0 algebraically (constant scale)
----------------------------------------------------------------
  CS = None   expected 0   [OK]

[4] Pipeline confirmation: Sol3 CS = 0 for profile-local 1/R(z)
----------------------------------------------------------------
  CS = None   expected 0 within the profile-local ansatz   [OK]

================================================================
RESULT: PASS  (off-diagonal count (0,1,3,0); Sol3 profile-local CS=0)
================================================================
