========================================================================
Verification: Nil3 Heisenberg Landau levels
Target: Appendix E.10
========================================================================

[1] Nil3 structure constant and Levi-Civita spin connection
------------------------------------------------------------------------
  C^2_01 = 1/r0   expected 1/r0   [OK]
  omega^01_2 = -1/(2*r0)
  omega^02_1 = -1/(2*r0)
  omega^10_2 = 1/(2*r0)
  omega^12_0 = 1/(2*r0)
  omega^20_1 = 1/(2*r0)
  omega^21_0 = -1/(2*r0)

[2] Heisenberg ladder algebra in a fixed p2 sector
------------------------------------------------------------------------
  [Pi0, Pi1] = i B,  B = omega |k2| = k2_abs**2/r0
  a = (Pi0 + i Pi1)/sqrt(2B),  a^dagger = (Pi0 - i Pi1)/sqrt(2B)
  Pi0^2 + Pi1^2 = B(2N+1)
  mu_n^+ = k2_abs**2*(2*n + r0)/r0   [OK]
  mu_n^- = k2_abs**2*(2*n + r0 + 2)/r0   [OK]

[3] Pairing pattern and PPA zero-mode exclusion
------------------------------------------------------------------------
  mu_(n+1)^+ - mu_n^- = 0   [OK]
  n=0 spin-up branch is unpaired relative to the down branch.
  PPA: p2 = m + 1/2.  Solving p2=0 gives m=-1/2, not an integer   [OK]
  lowest PPA sector has mu_0^+ = k2_abs**2 > 0, so h = 0   [OK]

========================================================================
RESULT: PASS  (Nil3 Heisenberg ladder levels and PPA h=0)
========================================================================
